[     579ms] [VERBOSE] [DOM] Input elements should have autocomplete attributes (suggested: "current-password"): (More info: https://goo.gl/9p2vKq) %o @ https://axol.jp/zw/s/chiyodacorp_28/mypage/login:0
[     877ms] Could not establish connection. Receiving end does not exist.
[    7623ms] Error: Extension context invalidated.
    at AutofillOverlayContentService.<anonymous> (chrome-extension://nngceckbapebfimnlniiiahkandclblb/content/bootstrap-autofill-overlay.js:2519:36)
    at Generator.next (<anonymous>)
    at chrome-extension://nngceckbapebfimnlniiiahkandclblb/content/bootstrap-autofill-overlay.js:2427:71
    at new Promise (<anonymous>)
    at __awaiter (chrome-extension://nngceckbapebfimnlniiiahkandclblb/content/bootstrap-autofill-overlay.js:2423:12)
    at AutofillOverlayContentService.sendExtensionMessage (chrome-extension://nngceckbapebfimnlniiiahkandclblb/content/bootstrap-autofill-overlay.js:2515:12)
    at AutofillOverlayContentService.handleFormFieldBlurEvent (chrome-extension://nngceckbapebfimnlniiiahkandclblb/content/bootstrap-autofill-overlay.js:8954:23)
    at AutofillOverlayContentService.handleWindowFocusOutEvent (chrome-extension://nngceckbapebfimnlniiiahkandclblb/content/bootstrap-autofill-overlay.js:9154:22)
[    7623ms] Error: Extension context invalidated.
    at AutofillOverlayContentService.<anonymous> (chrome-extension://nngceckbapebfimnlniiiahkandclblb/content/bootstrap-autofill-overlay.js:2519:36)
    at Generator.next (<anonymous>)
    at chrome-extension://nngceckbapebfimnlniiiahkandclblb/content/bootstrap-autofill-overlay.js:2427:71
    at new Promise (<anonymous>)
    at __awaiter (chrome-extension://nngceckbapebfimnlniiiahkandclblb/content/bootstrap-autofill-overlay.js:2423:12)
    at AutofillOverlayContentService.sendExtensionMessage (chrome-extension://nngceckbapebfimnlniiiahkandclblb/content/bootstrap-autofill-overlay.js:2515:12)
    at AutofillOverlayContentService.<anonymous> (chrome-extension://nngceckbapebfimnlniiiahkandclblb/content/bootstrap-autofill-overlay.js:9035:24)
    at Generator.next (<anonymous>)
    at chrome-extension://nngceckbapebfimnlniiiahkandclblb/content/bootstrap-autofill-overlay.js:8780:71
    at new Promise (<anonymous>)
[   11997ms] [WARNING] [Meta Pixel] - Duplicate Pixel ID: 432332325438668. @ https://connect.facebook.net/en_US/fbevents.js:197
